http://comicbook.com/2015/08/31/the-flash-casts-tony-todd-as-zoom-in-season-2/
https://i.imgur.com/tBFBVOi.jpg
http://www.reddit.com/r/AskReddit/comments/3hw3vu/phds_of_reddit_what_is_a_dumbed_down_summary_of/
http://40.media.tumblr.com/b47893d853ac49c1657e86b5799525e8/tumblr_ntevx5GG1P1ss09k4o1_1280.jpg
http://i.imgur.com/NiMJBl6.jpg
http://i.imgur.com/cyNXUx0.jpg
http://i.imgur.com/SywC964.jpg
http://imgur.com/dcDrCxa
http://imgur.com/1YSou0x
http://imgur.com/a/r2Y7b
http://i.imgur.com/41vBpFU.jpg
http://imgur.com/a/oILMz
http://i.imgur.com/0oM2W6R.jpg
http://imgur.com/89sgwRI
http://imgur.com/3nFfsNh
http://i.imgur.com/IMAFvtl.jpg
http://gfycat.com/MaleElasticBillygoat
http://imgur.com/a/a69ya
http://i.imgur.com/qtG5AwY.jpg
http://i.imgur.com/MIaKx5x.jpg
http://i.imgur.com/QXI8ZR2.jpg
http://i.imgur.com/bfP0ETm.jpg
http://38.media.tumblr.com/f9e4ca8c7c12113e3f700f4cc148d9e0/tumblr_ntcxrc0QVU1ubd0loo1_500.gif
http://i.imgur.com/csR2r2R.jpg
http://i.imgur.com/mLWptxk.jpg
http://imgur.com/GIzUXeE
http://i.imgur.com/smWSPBp.jpg
https://38.media.tumblr.com/c69b1794d3e86d3546c7887767c3aaa9/tumblr_nsyxyv3VKK1uskjmjo1_500.gif
http://imgur.com/a2CH17N
http://i.imgur.com/zf3o9Qu.jpg
http://i.imgur.com/HqGKWhl.jpg
http://i.imgur.com/8MaMy0s.jpg
http://imgur.com/pTkK3xi
http://i.imgur.com/XRC7t5Q.png
http://www.gfycat.com/GreenShockingDrake
http://m.imgur.com/uH4qiAT
http://imgur.com/uDepg3P
http://i.imgur.com/5uOKknw.jpg
http://imgur.com/a/U6zwC
http://readergirl.org/lado/dretukilo/How-to-selfie.jpg
http://imgur.com/a/dF0ze
http://i.imgur.com/wJhYhG8.jpg
http://i.imgur.com/TfSQtu8.jpg
http://spankbang.com/5jjh/video/hope+harper+take+huge+cock
http://i.imgur.com/O1R1Zsd.jpg
http://i.imgur.com/RD7OA2N.jpg
http://i.imgur.com/ak1Q3jY.jpg
http://i.imgur.com/kRkEiqD.jpg
http://i.imgur.com/XugxCDN.jpg
http://i.imgur.com/zeCyXNC.jpg
http://i.imgur.com/kgs7dYO.jpg
http://i.imgur.com/MBEmWWo.jpg
https://40.media.tumblr.com/e342c4a5ebbd14120b0d819882f224fa/tumblr_ntdn8uDRMi1qij4o1o1_1280.jpg
http://i.imgur.com/nmuw9tx.jpg
http://imgur.com/a/ZxarV
http://i.imgur.com/0eqlbBI.jpg
http://gfycat.com/MemorableJoyousAntelope
http://gfycat.com/DampBelovedBlacklemur
http://i.imgur.com/9yckjGa.jpg
http://i.imgur.com/9sqY4oF.jpg
http://i.imgur.com/3YHNziA.jpg
http://imgur.com/LJriBZP
http://i.imgur.com/z0MfcPi.jpg
http://imgur.com/a/1qWnL
http://i.imgur.com/avmoa1A.jpg
http://imgur.com/a/BIMsX
http://i.imgur.com/geFJ1Y9.png
http://i.imgur.com/lS4vlVA.png
http://money.cnn.com/2015/08/11/news/economy/oil-prices-collapse-opec/
http://www.reddit.com/r/computerscience/comments/3gkhwa/cs_major_seeking_advice_please_help/
https://support.lenovo.com/us/en/documents/hf004122
http://imgur.com/1i80u5E
http://i.imgur.com/XlZwdde.png
http://imgur.com/a/T5XSS
http://imgur.com/gsn3Yyc
http://gfycat.com/SimplisticGrossBlackrussianterrier
http://gfycat.com/AthleticConsciousHoki
http://i.imgur.com/nvn95tp.jpg
http://41.media.tumblr.com/9e398e83ce040beba61cea4c12e5648e/tumblr_nsi94yr03R1qgalo3o1_1280.jpg
https://i.imgur.com/LprWeS2.jpg
http://imgur.com/4UoHVCb
http://i.imgur.com/34mi4dA.jpg
